Archer.Logger.Tests.ITestInfo Default.Test Name Reporter Should be able to return a different name