Archer.Logger.Tests.ITestInfo Default.Test Name Reporter Should return a formatted name