TestExecutionResult Detail Reporter Should.Provide a detailed general general failure report @ 179
(.\Tests\TestExecutionResult Detail Reporter Should.fs)
	General Failure:
		A general general failure