TestExecutionResult Detail Reporter Should.Provide a detailed test expectation other failure with no message report @ 98
(.\Tests\TestExecutionResult Detail Reporter Should.fs)
	Expectation Failure (Other)
		Hello World
		Today is great