TestResult Summary Reporter Should.format different failure into single line (Failure) @ 44