TestExecutionResult Detail Reporter Should.Provide a detailed test validation failure with failure comment with no message report @ 118
(.\Tests\TestExecutionResult Detail Reporter Should.fs)
	Validation Failure
		Expected: "The World Is Great"
		Actual:   "The world is greater"
	Failure Comment:
		Things are not great