Test Execution Result Summary Transformer Should.Transform a test success result into a single line (Success) @ 25