TestResult Summary Transformer Should.format success from a different test (Success) @ 26