TestResult Summary Transformer Should.format failure into single line (Failure) @ 32