TestExecutionResult Detail Reporter Should.Provide a detailed setup canceled failure report @ 42
(.\Tests\TestExecutionResult Detail Reporter Should.fs)
	SetupExecutionFailure: (Canceled)