My ignored container
	Test 0 @ 18: (Ignored @ 19)
		(.\Tests\TestIgnoreContainer Transformer Should.fs)
	Test 1 @ 18: (Ignored)
		(.\Tests\TestIgnoreContainer Transformer Should.fs)
	Test 0 @ 18: (Ignored "This test is not complete" @ 19)
		(.\Tests\TestIgnoreContainer Transformer Should.fs)
	Test 1 @ 18: (Ignored "This test is not complete")
		(.\Tests\TestIgnoreContainer Transformer Should.fs)
	Test 0 @ 18: (Ignored "Trouble shooting related test" @ 19)
		(.\Tests\TestIgnoreContainer Transformer Should.fs)
	Test 1 @ 18: (Ignored "Trouble shooting related test")
		(.\Tests\TestIgnoreContainer Transformer Should.fs)
	Test 0 @ 18: (Ignored @ 19)
		(.\Tests\TestIgnoreContainer Transformer Should.fs)
	Test 1 @ 18: (Ignored)
		(.\Tests\TestIgnoreContainer Transformer Should.fs)

	contains things
		Test 10 @ 18: (Ignored @ 19)
			(.\Tests\TestIgnoreContainer Transformer Should.fs)
		Test 11 @ 18: (Ignored)
			(.\Tests\TestIgnoreContainer Transformer Should.fs)
		Test 10 @ 18: (Ignored "This test is not complete" @ 19)
			(.\Tests\TestIgnoreContainer Transformer Should.fs)
		Test 11 @ 18: (Ignored "This test is not complete")
			(.\Tests\TestIgnoreContainer Transformer Should.fs)
		Test 10 @ 18: (Ignored "Trouble shooting related test" @ 19)
			(.\Tests\TestIgnoreContainer Transformer Should.fs)
		Test 11 @ 18: (Ignored "Trouble shooting related test")
			(.\Tests\TestIgnoreContainer Transformer Should.fs)
		Test 10 @ 18: (Ignored @ 19)
			(.\Tests\TestIgnoreContainer Transformer Should.fs)
		Test 11 @ 18: (Ignored)
			(.\Tests\TestIgnoreContainer Transformer Should.fs)

My second ignored container
	is also ignored
		Test 20 @ 18: (Ignored @ 19)
			(.\Tests\TestIgnoreContainer Transformer Should.fs)
		Test 21 @ 18: (Ignored)
			(.\Tests\TestIgnoreContainer Transformer Should.fs)
		Test 20 @ 18: (Ignored "This test is not complete" @ 19)
			(.\Tests\TestIgnoreContainer Transformer Should.fs)
		Test 21 @ 18: (Ignored "This test is not complete")
			(.\Tests\TestIgnoreContainer Transformer Should.fs)
		Test 20 @ 18: (Ignored "Trouble shooting related test" @ 19)
			(.\Tests\TestIgnoreContainer Transformer Should.fs)
		Test 21 @ 18: (Ignored "Trouble shooting related test")
			(.\Tests\TestIgnoreContainer Transformer Should.fs)
		Test 20 @ 18: (Ignored @ 19)
			(.\Tests\TestIgnoreContainer Transformer Should.fs)
		Test 21 @ 18: (Ignored)
			(.\Tests\TestIgnoreContainer Transformer Should.fs)