Feature.Transform a test success @ 66 [00:00:00.4650000]
(.\Tests\Test Result Report Transformer Should.fs)
	Test Result: Success