Test Execution Result Summary Transformer Should.Transform a setup failure result into a single line (Setup Failure) @ 58