Test Execution Result Summary Reporter Should.Format a general test failure result into a single line (Failure) @ 49