Test Execution Result Summary Transformer Should.Transform a test success result for a different test (Success) @ 31