TestExecutionResult Detail Reporter Should.Provide a detailed test ignored failure report @ 78
(.\Tests\TestExecutionResult Detail Reporter Should.fs)
	Test Failure: (Ignored "This is an ignored test") @82