Test Execution Result Summary Reporter Should.Format a test execution cancel failure result into a single line (Canceled) @ 44