TestExecutionResult Detail Transformer Should.Transform a detailed setup canceled failure @ 44
(.\Tests\TestExecutionResult Detail Transformer Should.fs)
	SetupExecutionFailure: (Canceled)