Test Execution Result Summary Transformer Should.Transform a general test execution failure result into a single line (General Failure) @ 37