TestResult Summary Reporter Should.format success into single line (Success) @ 20