Test Execution Result Summary Transformer Should.Transform a general test failure result into a single line (Failure) @ 51