TestResult Summary Transformer Should.format Ignore into single line (Ignored) @ 58