Test Execution Result Summary Reporter Should.Format a test success result into a single line (Success) @ 25