Test Execution Result Summary Transformer Should.Transform a setup canceled failure result into a single line (Canceled) @ 65