TestExecutionResult Detail Transformer Should.Transformer a detailed general general failure @ 182
(.\Tests\TestExecutionResult Detail Transformer Should.fs)
	General Failure:
		A general general failure