Test Execution Result Summary Transformer Should.Transform a teardown cancel failure result into a single line (Canceled) @ 79