TestExecutionResult Detail Reporter Should.Provide a detailed test combination failure report @ 133
(.\Tests\TestExecutionResult Detail Reporter Should.fs)
	Combination Failure
		Test Failure
			System.Exception: Boo
		Test Failure: (Ignored "No watch me") @133
			D:\og\Bark.ruf@99