TestExecutionResult Detail Reporter Should.Provide a detailed general setup failure report @ 51
(.\Tests\TestExecutionResult Detail Reporter Should.fs)
	SetupExecutionFailure @ ".\Tests\TestExecutionResult Detail Reporter Should.fs@55"
		General Failure:
			This setup is wrong
			Just Wrong
			Bail out