Test Execution Result Summary Reporter Should.Format a setup failure result into a single line (Setup Failure) @ 58